Open Watcom Linker Version 1.9
Portions Copyright (c) 1985-2002 Sybase, Inc. All Rights Reserved.
Created on:       14/02/19 17:52:10
Executable Image: hw4.exe
creating a DOS/4G executable


                        +------------+
                        |   Groups   |
                        +------------+

Group                           Address              Size
=====                           =======              ====

DGROUP                          0002:00000000        000106a0



                        +--------------+
                        |   Segments   |
                        +--------------+

Segment                Class          Group          Address         Size
=======                =====          =====          =======         ====

BEGTEXT                CODE           AUTO           0001:00000000   00000010
_TEXT                  CODE           AUTO           0001:00000010   00003a93
_NULL                  BEGDATA        DGROUP         0002:00000000   00000004
_AFTERNULL             BEGDATA        DGROUP         0002:00000004   00000000
CONST                  DATA           DGROUP         0002:00000004   00000118
CONST2                 DATA           DGROUP         0002:0000011c   00000104
_DATA                  DATA           DGROUP         0002:00000220   00000308
XIB                    DATA           DGROUP         0002:00000528   00000000
XI                     DATA           DGROUP         0002:00000528   0000001e
XIE                    DATA           DGROUP         0002:00000546   00000000
YIB                    DATA           DGROUP         0002:00000546   00000000
YI                     DATA           DGROUP         0002:00000546   00000012
YIE                    DATA           DGROUP         0002:00000558   00000000
TIB                    DATA           DGROUP         0002:00000558   00000000
TI                     DATA           DGROUP         0002:00000558   00000000
TIE                    DATA           DGROUP         0002:00000558   00000000
DATA                   DATA           DGROUP         0002:00000558   00000000
_BSS                   BSS            DGROUP         0002:00000558   00000146
STACK                  STACK          DGROUP         0002:000006a0   00010000


                        +----------------+
                        |   Memory Map   |
                        +----------------+

* = unreferenced symbol
+ = symbol only referenced locally

Address        Symbol
=======        ======

Module: hw4.obj(D:\Pega-Allen\Code_Project\pega_homework\pega_homework4\hw4.c)
0001:00000010+ BCDtoDEC_
0001:0000005b+ DECtoBCD_
0001:000000b1+ get_RTC_
0001:00000132+ set_RTC_
0001:000001a8+ get_RTC_time_
0001:000001f5* set_RTC_time_
0001:00000216+ get_RTC_alarm_
0001:00000266+ set_RTC_alarm_after_
0001:0000032a  main_
Module: C:\WATCOM/lib386/dos\clib3r.lib(stk)
0001:0000049f* __STK
0001:0000048c  __CHK
0001:0000049c* __GRO
0001:000004bd* __STKOVERFLOW_
Module: C:\WATCOM/lib386/dos\clib3r.lib(outp.c)
0001:000004d0  outp_
Module: C:\WATCOM/lib386/dos\clib3r.lib(inp.c)
0001:000004e0  inp_
Module: C:\WATCOM/lib386/dos\clib3r.lib(printf.c)
0001:000004f0  printf_
Module: C:\WATCOM/lib386/dos\clib3r.lib(outpd.c)
0001:00000520  outpd_
Module: C:\WATCOM/lib386/dos\clib3r.lib(inpd.c)
0001:00000530  inpd_
Module: C:\WATCOM/lib386/dos\clib3r.lib(atoi.c)
0001:00000540  atoi_
Module: C:\WATCOM/lib386/dos\clib3r.lib(inpw.c)
0001:00000590  inpw_
Module: C:\WATCOM/lib386/dos\clib3r.lib(outpw.c)
0001:000005a0  outpw_
Module: C:\WATCOM/lib386/dos\clib3r.lib(iob.c)
0002:00000234  ___iob
0002:0000043c* __fmode
0002:00000558  ___OpenStreams
0002:0000055c  ___ClosedStreams
Module: C:\WATCOM/lib386/dos\clib3r.lib(fgetc.c)
0001:000005b0+ __fill_buffer_
0001:000006b0  fgetc_
Module: C:\WATCOM/lib386/dos\clib3r.lib(cstart)
0001:00000003* ___begtext
0002:00000000* __nullarea
0002:00000440* __D16Infoseg
0002:00000442  __x386_zero_base_selector
0001:0000074c  _cstart_
0001:0000099a  __exit_
0001:0000099c  __do_exit_with_msg__
0001:000009e4* __GETDS
0001:000009e4  ___GETDSStart_
0001:000009ef  ___GETDSEnd_
Module: C:\WATCOM/lib386/dos\clib3r.lib(argcv.c)
0002:00000560  __argc
0002:00000564  __argv
0002:00000568  ___argc
0002:0000056c  ___argv
Module: C:\WATCOM/lib386/dos\clib3r.lib(xmsg.c)
0001:000009f0* __exit_with_msg_
0001:00000a00  __fatal_runtime_error_
Module: C:\WATCOM/lib386/dos\clib3r.lib(crwdata)
0002:0000047f  __osmajor
0002:00000480  __osminor
0002:00000454  __psp
0002:00000476  __Extender
0002:00000477  __ExtenderSubtype
0002:00000478  __X32VM
0002:00000458* __x386_stacklow
0002:0000044c  __LpCmdLine
0002:00000450  __LpPgmName
0002:00000444  __dynend
0002:00000448  __curbrk
0002:00000458  __STACKLOW
0002:0000045c  __STACKTOP
0002:00000460  __ASTACKSIZ
0002:00000464  __ASTACKPTR
0002:00000468  __cbyte
0002:0000046c* __cbyte2
0002:00000470  __child
0002:00000479  __Envptr
0002:0000047d  __Envseg
0002:00000474  __no87
0002:00000481  ___FPE_handler
Module: C:\WATCOM/lib386/dos\clib3r.lib(fprtf.c)
0001:00000a50  __fprtf_
Module: C:\WATCOM/lib386/dos\clib3r.lib(istable.c)
0002:0000011c  __IsTable
Module: C:\WATCOM/lib386/dos\clib3r.lib(initfile.c)
0001:00000af0  __InitFiles_
Module: C:\WATCOM/lib386/dos\clib3r.lib(ioexit.c)
0001:00000bf0* fcloseall_
0001:00000c00  __full_io_exit_
Module: C:\WATCOM/lib386/dos\clib3r.lib(flushall.c)
0001:00000c10  __flushall_
0001:00000c50* flushall_
Module: C:\WATCOM/lib386/dos\clib3r.lib(gtche.c)
0001:00000c60  getche_
Module: C:\WATCOM/lib386/dos\clib3r.lib(ioalloc.c)
0001:00000c80  __ioalloc_
Module: C:\WATCOM/lib386/dos\clib3r.lib(qread.c)
0001:00000d20  __qread_
Module: C:\WATCOM/lib386/dos\clib3r.lib(seterrno.c)
0001:00000d41  __set_errno_
0001:00000d4d* __set_EDOM_
0001:00000d59* __set_ERANGE_
0001:00000d65* __set_EINVAL_
0001:00000d76  __set_doserrno_
Module: C:\WATCOM/lib386/dos\clib3r.lib(cmain386.c)
0001:00000d90  __CMain
Module: C:\WATCOM/lib386/dos\clib3r.lib(initrtns.c)
0001:00000de0  __InitRtns
0001:00000e30  __FiniRtns
Module: C:\WATCOM/lib386/dos\clib3r.lib(dosseg)
0000:00001234  __DOSseg__
Module: C:\WATCOM/lib386/dos\clib3r.lib(uselfn.c)
0002:00000488  ___uselfn
Module: C:\WATCOM/lib386/dos\clib3r.lib(initargv.c)
0001:00000e90  __Init_Argv_
0001:00000ee0+ _getargv_
0001:00001080  __Fini_Argv_
Module: C:\WATCOM/lib386/dos\clib3r.lib(enterdb.c)
0001:00001090  __EnterWVIDEO_
0002:0000048c+ ___WD_Present
Module: C:\WATCOM/lib386/dos\clib3r.lib(fputc.c)
0001:000010c0  fputc_
Module: C:\WATCOM/lib386/dos\clib3r.lib(prtf.c)
0001:00001180  __prtf_
Module: C:\WATCOM/lib386/dos\clib3r.lib(flush.c)
0001:00001ff0  __flush_
Module: C:\WATCOM/lib386/dos\clib3r.lib(nmalloc.c)
0001:000020e0  _nmalloc_
0001:000020e0  malloc_
0002:00000490  ___nheapbeg
0002:00000494  ___MiniHeapRover
0002:00000498  ___LargestSizeB4MiniHeapRover
Module: C:\WATCOM/lib386/dos\clib3r.lib(fclose.c)
0001:000021e0+ __doclose_
0001:00002260  __shutdown_stream_
0001:00002280* fclose_
0002:00000574+ ___RmTmpFileFn
Module: C:\WATCOM/lib386/dos\clib3r.lib(freefp.c)
0001:000022b0  __freefp_
0001:000022f0  __purgefp_
Module: C:\WATCOM/lib386/dos\clib3r.lib(chktty.c)
0001:00002320  __chktty_
Module: C:\WATCOM/lib386/dos\clib3r.lib(dosret.c)
0001:00002360  _dosretax_
0001:00002370* _dosret0_
0001:00002380  __set_errno_dos_
0001:00002400* __set_errno_dos_reterr_
Module: C:\WATCOM/lib386/dos\clib3r.lib(errno.c)
0001:00002410  __get_errno_ptr_
0001:00002420  __get_doserrno_ptr_
0002:00000578+ _errno
0002:0000057c+ __doserrno
Module: C:\WATCOM/lib386/dos\clib3r.lib(cinit.c)
0001:00002430  __CommonInit_
Module: C:\WATCOM/lib386/dos\clib3r.lib(___argc.c)
0002:00000580  ____Argc
0002:00000584  ____Argv
Module: C:\WATCOM/lib386/dos\clib3r.lib(exit.c)
0001:00002490+ __null_int23_exit_
0001:00002491  exit_
0001:000024bd* _exit_
0002:000004b0+ ___int23_exit
0002:000004b4+ ___FPE_handler_exit
Module: C:\WATCOM/lib386/dos\clib3r.lib(sgdef086)
0002:00000528  __Start_XI
0002:00000546  __End_XI
0002:00000546  __Start_YI
0002:00000558  __End_YI
Module: C:\WATCOM/lib386/dos\clib3r.lib(histsplt.c)
0002:00000588  ___historical_splitparms
Module: C:\WATCOM/lib386/dos\clib3r.lib(nfree.c)
0001:000024e0  _nfree_
0001:000024e0  free_
0002:0000058c  ___MiniHeapFreeRover
Module: C:\WATCOM/lib386/dos\clib3r.lib(wctomb.c)
0001:000025e0  wctomb_
Module: C:\WATCOM/lib386/dos\clib3r.lib(itoa.c)
0001:00002610+ utoa_
0001:00002660  itoa_
Module: C:\WATCOM/lib386/dos\clib3r.lib(strupr.c)
0001:00002690  strupr_
Module: C:\WATCOM/lib386/dos\clib3r.lib(noefgfmt.c)
0002:000004b8  ___EFG_printf
0002:000004bc* ___EFG_scanf
Module: C:\WATCOM/lib386/dos\clib3r.lib(lltoa.c)
0001:000026d0  ulltoa_
0001:00002740* lltoa_
Module: C:\WATCOM/lib386/dos\clib3r.lib(ltoa.c)
0001:00002770  ultoa_
0001:000027c0* ltoa_
Module: C:\WATCOM/lib386/dos\clib3r.lib(mbisdbcs.c)
0002:00000590  ___IsDBCS
Module: C:\WATCOM/lib386/dos\clib3r.lib(mbislead.c)
0001:000027f0* _ismbblead_
0002:00000594  ___MBCSIsTable
Module: C:\WATCOM/lib386/dos\clib3r.lib(__lseek.c)
0001:00002810  __lseek_
Module: C:\WATCOM/lib386/dos\clib3r.lib(qwrit.c)
0001:00002860  __qwrite_
Module: C:\WATCOM/lib386/dos\clib3r.lib(fsync.c)
0001:000028e0  fsync_
Module: C:\WATCOM/lib386/dos\clib3r.lib(nmemneed.c)
0001:000028f0  __nmemneed_
Module: C:\WATCOM/lib386/dos\clib3r.lib(mem.c)
0001:00002900  __MemAllocator
0001:000029b0  __MemFree
Module: C:\WATCOM/lib386/dos\clib3r.lib(grownear.c)
0001:00002b70+ __FreeDPMIBlocks_
0001:00002be0* __ReAllocDPMIBlock_
0001:00002d70+ __LastFree_
0001:00002fe0  __ExpandDGROUP_
Module: C:\WATCOM/lib386/dos\clib3r.lib(_clse.c)
0001:00003130  __close_
Module: C:\WATCOM/lib386/dos\clib3r.lib(isatt.c)
0001:00003180  isatty_
Module: C:\WATCOM/lib386/dos\clib3r.lib(amblksiz.c)
0002:000004c0  __amblksiz
Module: C:\WATCOM/lib386/dos\clib3r.lib(dpmihost.c)
0001:000031a0  __DPMI_hosted_
Module: C:\WATCOM/lib386/dos\clib3r.lib(alphabet.c)
0002:000000a4  ___Alphabet
Module: C:\WATCOM/lib386/dos\clib3r.lib(mbinit.c)
0001:0000327a  __mbinit_
0001:0000334b+ dos_get_dbcs_lead_table_
0001:0000343f+ dos_get_code_page_
0002:000004c8+ ___MBCodePage
Module: C:\WATCOM/lib386/dos\clib3r.lib(iomode.c)
0001:000035e0  __GetIOMode_
0001:00003600  __SetIOMode_nogrow_
0002:000004cc+ ___NFiles
0002:000004d0+ ___init_mode
0002:00000520+ ___io_mode
Module: C:\WATCOM/lib386/dos\clib3r.lib(filedos.c)
0001:00003620* _dos_close_
0001:00003630  _dos_commit_
Module: C:\WATCOM/lib386/dos\clib3r.lib(heapen.c)
0001:00003640* _heapenable_
0002:00000524  ___heap_enabled
Module: C:\WATCOM/lib386/dos\clib3r.lib(minreal.c)
0002:00000698  ___minreal
Module: C:\WATCOM/lib386/dos\clib3r.lib(sbrk386.c)
0001:00003650* sbrk_
0001:00003730  __brk_
Module: C:\WATCOM/lib386/dos\clib3r.lib(memset.c)
0001:00003850  memset_
Module: C:\WATCOM/lib386/dos\clib3r.lib(intdx386.c)
0001:00003870  intdosx_
Module: C:\WATCOM/lib386/dos\clib3r.lib(inirmsel.c)
0002:0000069c  __ExtenderRealModeSelector
Module: C:\WATCOM/lib386/dos\clib3r.lib(doserror)
0001:000039e4  __doserror_
Module: C:\WATCOM/lib386/dos\clib3r.lib(__stos)
0001:00003a00  __STOSB
0001:00003a37* __STOSD


                        +----------------------+
                        |   Imported Symbols   |
                        +----------------------+

Symbol                              Module
======                              ======



                        +--------------------+
                        |   Libraries Used   |
                        +--------------------+

C:\WATCOM/lib386/dos\clib3r.lib


                        +-----------------------+
                        |   Linker Statistics   |
                        +-----------------------+

Stack size:  00010000 (65536.)
Memory size:  00014143 (82243.)
Entry point address: 0001:0000074c
Link time: 00:00.00
